[www.deel.com/job-description-templates/web-designer.html]
[backblue.gif]
[fade.gif]
[index.html]
[www.deel.com/hs-fs/hub/19498232/hub_generated/template_assets/54273707893/1684935752619/deel-ift2021/css/main.min.css]
[www.deel.com/hs-fs/hub/19498232/hub_generated/template_assets/54273719558/1703001336883/deel-ift2021/css/theme-overrides.min.css]
[www.deel.com/hs-fs/hub/19498232/hub_generated/template_assets/119138222518/1690230423402/deel-ift2021/css/templates/job-descriptions.min.css]
[www.deel.com/hs-fs/hub/19498232/hub_generated/template_assets/110994036105/1681479621915/banner-noma-ds/main.min.css]
[www.deel.com/hs-fs/hub/19498232/hub_generated/module_assets/54274874138/1708870048053/module_54274874138_footer-module.min.css]
[www.deel.com/hs-fs/hub/19498232/hub_generated/template_assets/161988430184/1711381397967/navigation-bar-new/main.min.css]
[cdn.optimizely.com/js/25695190937.js]
[js.chilipiper.com/marketing.js]
[cdn.jsdelivr.net/npm/@tarekraafat/autocomplete.js@10.2.6/dist/css/autoComplete.02.min.css]
[cdnjs.cloudflare.com/ajax/libs/tarekraafat-autocomplete.js/10.2.6/autoComplete.min.js]
[kit.fontawesome.com/90002617c3.js]
[www.deel.com/hs-fs/hub/19498232/hub_generated/template_assets/153925334155/1726678484281/deel-ift2021/css/reskind17d.css]
[www.deel.com/job-description-templates/POST.10.delayed]
[code.jquery.com/jquery-3.6.0.js]
[no-cache.hubspot.com/cta/default/19498232/cc225690-c076-466b-954d-30347894e7f7.png]
[www.deel.com/hs/cta/cta/current.js]
[19498232.fs1.hubspotusercontent-na1.net/hubfs/19498232/Deel/Blog/blog_cta_rocket.png]
[www.deel.com/hubfs/Deel/Assets/footer-background-round-transparent.png]
[www.deel.com/hs/hsstatic/content-cwv-embed/static-1.1293/embed.js]
[www.deel.com/hs/hsstatic/cos-i18n/static-1.53/bundles/project.js]
[www.deel.com/hs-fs/hub/19498232/hub_generated/template_assets/110993774191/1683532258077/banner-noma-ds/main.min.js]
[www.deel.com/hs-fs/hub/19498232/hub_generated/module_assets/54274874138/1708870047311/module_54274874138_footer-module.min.js]
[www.deel.com/hs-fs/hub/19498232/hub_generated/template_assets/54274783024/1718957880839/deel-ift2021/js/main.min.js]
[www.deel.com/hs-fs/hub/19498232/hub_generated/template_assets/54299758672/1729512255117/deel-ift2021/js/scripts.min.js]
[www.deel.com/hs-fs/hub/19498232/hub_generated/template_assets/85194198278/1663357260518/deel-ift2021/js/remote-work-glossary.min.js]
[www.deel.com/hs-fs/hub/19498232/hub_generated/template_assets/161978722586/1728552906961/navigation-bar-new/main.min.js]
[www.deel.com/hs/scriptloader/19498232.js]
[www.deel.com/hs/hsstatic/HubspotToolsMenu/static-1.354/js/index.js]
[www.deel.com/job-description-templates/web-designer.html]
[cdn.jsdelivr.net/npm/js-cookie@2/src/js.cookie.min.js]
[static.hsappstatic.net/cos-LanguageSwitcher/static-1.1/img/globe.png]
[www.deel.com/hs-fs/hub/19498232/hub_generated/template_assets/54273707893/1684935752619/deel-ift2021/css/main.min.css]
[www.deel.com/hs-fs/hub/19498232/hub_generated/template_assets/54273719558/1703001336883/deel-ift2021/css/theme-overrides.min.css]
[www.deel.com/hubfs/job-descriptions-hero-bg.png]
[www.deel.com/hs-fs/hub/19498232/hub_generated/template_assets/119138222518/1690230423402/deel-ift2021/css/templates/job-descriptions.min.css]
[www.deel.com/hs-fs/hub/19498232/hub_generated/template_assets/110994036105/1681479621915/banner-noma-ds/main.min.css]
[www.deel.com/hubfs/icon-globe.png]
[www.deel.com/hs-fs/hub/19498232/hub_generated/module_assets/54274874138/1708870048053/module_54274874138_footer-module.min.css]
[www.deel.com/hs-fs/hub/19498232/hub_generated/template_assets/161988430184/1711381397967/navigation-bar-new/main.min.css]
[www.googletagmanager.com/gtm5445.html]
[media.letsdeel.com/css/cookiebot.css]
[client-registry.mutinycdn.com/personalize/client/f6cc3f947c9803b1.js]
[cdn.jsdelivr.net/npm/@tarekraafat/autocomplete.js@10.2.6/dist/css/autoComplete.02.min.css]
[19498232.fs1.hubspotusercontent-na1.net/hubfs/19498232/Deel/Assets/images/footer-background-round.png]
[www.deel.com/hubfs/global-hiring-report_kv.png]
[www.deel.com/hs-fs/hub/19498232/hub_generated/template_assets/153925334155/1726678484281/deel-ift2021/css/reskind17d.css]
[www.deel.com/job-description-templates/POST.html]
[www.deel.com/job-description-templates/index.html]
