[artisantalent.com/job-descriptions/web-designer-job-description/index.html]
[backblue.gif]
[fade.gif]
[index.html]
[artisantalent.com/wp-content/themes/artisan2017/favicons/favicon-16x16.png]
[artisantalent.com/wp-content/themes/artisan2017/favicons/favicon-32x32.png]
[artisantalent.com/wp-content/themes/artisan2017/favicons/favicon-48x48.png]
[artisantalent.com/wp-content/themes/artisan2017/favicons/favicon-96x96.png]
[artisantalent.com/wp-content/themes/artisan2017/favicons/apple-touch-icon-precomposed.png]
[artisantalent.com/wp-content/themes/artisan2017/favicons/apple-touch-icon-72x72-precomposed.png]
[artisantalent.com/wp-content/themes/artisan2017/favicons/apple-touch-icon-76x76-precomposed.png]
[artisantalent.com/wp-content/themes/artisan2017/favicons/apple-touch-icon-114x114-precomposed.png]
[artisantalent.com/wp-content/themes/artisan2017/favicons/apple-touch-icon-120x120-precomposed.png]
[artisantalent.com/wp-content/themes/artisan2017/favicons/apple-touch-icon-144x144-precomposed.png]
[artisantalent.com/wp-content/themes/artisan2017/favicons/apple-touch-icon-152x152-precomposed.png]
[artisantalent.com/wp-content/themes/artisan2017/favicons/apple-touch-icon-180x180-precomposed.png]
[artisantalent.com/wp-content/themes/artisan2017/favicons/touch-icon-192x192.png]
[artisantalent.com/wp-content/themes/artisan2017/css/no-script.css]
[artisantalent.com/wp-content/themes/artisan2017/css/normalize68b3.css]
[artisantalent.com/wp-content/themes/artisan2017/css/jquery.fancybox68b3.css]
[artisantalent.com/wp-content/themes/artisan2017/css/styled762.css]
[artisantalent.com/wp-content/plugins/wp-rocket/assets/img/youtube.png]
[use.typekit.net/ouf7xyb.js]
[artisantalent.com/wp-content/uploads/2018/08/nowHiring-WebDesigner.gif]
[snap.licdn.com/li.lms-analytics/insight.min.js]
[js.hs-scripts.com/1951043.js]
[artisantalent.com/wp-content/themes/artisan2017/js/jquery-3.2.1.min68b3.js]
[artisantalent.com/wp-content/themes/artisan2017/js/jquery.touchSwipe.min68b3.js]
[artisantalent.com/wp-content/themes/artisan2017/js/MorphSVGPlugin.min68b3.js]
[artisantalent.com/wp-content/themes/artisan2017/js/TweenMax.min68b3.js]
[artisantalent.com/wp-content/themes/artisan2017/js/CustomEase.min68b3.js]
[artisantalent.com/wp-content/themes/artisan2017/js/SplitText.min68b3.js]
[artisantalent.com/wp-content/themes/artisan2017/js/jquery.fancybox.min68b3.js]
[artisantalent.com/wp-content/themes/artisan2017/js/lottie.min77ae.js]
[artisantalent.com/wp-content/themes/artisan2017/js/plugins592e.js]
[artisantalent.com/wp-content/themes/artisan2017/js/scriptd762.js]
[artisantalent.com/wp-content/plugins/wp-rocket/assets/js/lazyload/17.8.3/lazyload.min.js]
[artisantalent.com/cdn-cgi/scripts/7d0fa10a/cloudflare-static/rocket-loader.min.js]
[artisantalent.com/job-descriptions/web-designer-job-description/index.html]
[artisantalent.com/wp-content/themes/artisan2017/css/no-script.css]
[artisantalent.com/wp-content/themes/artisan2017/css/normalize68b3.css]
[artisantalent.com/wp-content/themes/artisan2017/css/jquery.fancybox68b3.css]
[artisantalent.com/wp-content/themes/artisan2017/css/styled762.css]
[www.googletagmanager.com/gtm5445.html]
[660661.ma.diib.com/mtc.html]
[artisantalent.com/wp-content/themes/artisan2017/js/jquery-3.2.1.min68b3.js]
[artisantalent.com/wp-content/themes/artisan2017/js/jquery.touchSwipe.min68b3.js]
[artisantalent.com/wp-content/themes/artisan2017/js/TweenMax.min68b3.js]
[artisantalent.com/cdn-cgi/challenge-platform/h/b/scripts/jsd/787bc399e22f/maind41d.js]
[artisantalent.com/job-descriptions/web-designer-job-description/Version/index.html]
[artisantalent.com/job-descriptions/TweenLite.min.27.delayed]
[artisantalent.com/wp-content/themes/artisan2017/js/MorphSVGPlugin.min68b3.js]
[artisantalent.com/wp-content/themes/artisan2017/js/CustomEase.min68b3.js]
[artisantalent.com/wp-content/themes/artisan2017/js/SplitText.min68b3.js]
[artisantalent.com/job-descriptions/web-designer-job-description/images/index.html]
[artisantalent.com/job-descriptions/web-designer-job-description/GET.28.delayed]
[artisantalent.com/wp-content/themes/artisan2017/js/lottie.min77ae.js]
[artisantalent.com/wp-content/themes/artisan2017/js/jquery.fancybox.min68b3.js]
[artisantalent.com/wp-content/themes/artisan2017/js/plugins592e.js]
[artisantalent.com/wp-content/themes/artisan2017/js/scriptd762.js]
[artisantalent.com/wp-content/plugins/wp-rocket/assets/js/lazyload/17.8.3/lazyload.min.js]
[artisantalent.com/job-descriptions/web-designer-job-description/Version/index.html]
[artisantalent.com/job-descriptions/TweenLite.min.html]
[artisantalent.com/job-descriptions/web-designer-job-description/giItT1WQy@!-/index.html]
[artisantalent.com/job-descriptions/web-designer-job-description/giItT1WQy@!-/index.html]
[artisantalent.com/job-descriptions/web-designer-job-description/images/index.html]
[artisantalent.com/job-descriptions/web-designer-job-description/GET.html]
