[hiring.monster.com/resources/job-descriptions/computer/web-site-designer/index.html]
[cdn-empmerch.newjobs.com/wp-content/uploads/2014/11/web-designer.jpg]
[backblue.gif]
[fade.gif]
[index.html]
[cdn-empmerch.newjobs.com/wp-content/cache/min/1/wp-content/themes/monster-hiring/build/index3a0c.css]
[cdn-empmerch.newjobs.com/wp-includes/js/dist/dom-ready.min5346.js]
[cdn-empmerch.newjobs.com/wp-content/plugins/wds-monster-amplitude-analytics/public/build/index40ca.js]
[cdn-empmerch.newjobs.com/wp-content/themes/monster-hiring/build/indexd4a4.js]
[hiring.monster.com/resources/job-descriptions/computer/web-site-designer/not specified.6.delayed]
[cdn-empmerch.newjobs.com/wp-content/themes/monster-hiring/build/images/privacy-choices-icon.png]
[cdn-empmerch.newjobs.com/wp-includes/js/jquery/jquery.minaf6c.js]
[cdn-empmerch.newjobs.com/wp-content/themes/monster-hiring/build/marketing-cookied4a4.js]
[cdn-empmerch.newjobs.com/wp-content/themes/monster-hiring/build/resource-centerd4a4.js]
[cdn-empmerch.newjobs.com/wp-content/themes/monster-hiring/build/google-analyticsd4a4.js]
[cdn-empmerch.newjobs.com/wp-content/plugins/wp-rocket/assets/js/lazyload/17.8.3/lazyload.min.js]
[hiring.monster.com/resources/job-descriptions/computer/web-site-designer/index.html]
[cdn-empmerch.newjobs.com/wp-content/plugins/wds-monster-amplitude-analytics/public/build/index40ca.css]
[cdn-empmerch.newjobs.com/wp-content/plugins/wp-rocket/assets/js/wpr-beacon.min.js]
[cdn-empmerch.newjobs.com/wp-content/themes/monster-hiring/build/images/check-circle-outline-fuchsia.7ceba38c.png]
[cdn-empmerch.newjobs.com/wp-content/themes/monster-hiring/build/images/check-circle-outline-teal.7560b515.png]
[cdn-empmerch.newjobs.com/wp-content/themes/monster-hiring/build/images/texture-mint.8cc1883c.png]
[cdn-empmerch.newjobs.com/wp-content/themes/monster-hiring/build/images/texture-purple.3233550e.png]
[cdn-empmerch.newjobs.com/wp-content/themes/monster-hiring/build/images/statistic-graph.4598d79e.png]
[cdn-empmerch.newjobs.com/wp-content/themes/monster-hiring/build/images/big1.163c5ddf.png]
[cdn-empmerch.newjobs.com/wp-content/themes/monster-hiring/build/images/big2.03c15365.png]
[cdn-empmerch.newjobs.com/wp-content/themes/monster-hiring/build/images/big3.5e2a4a68.png]
[cdn-empmerch.newjobs.com/wp-content/themes/monster-hiring/build/images/big4.7ec1c7ac.png]
[cdn-empmerch.newjobs.com/wp-content/themes/monster-hiring/build/images/teal-shapes.59c14182.png]
[cdn-empmerch.newjobs.com/wp-content/cache/min/1/wp-content/themes/monster-hiring/build/index3a0c.css]
[hiring.monster.com/resources/job-descriptions/computer/web-site-designer/not specified.html]
[www.googletagmanager.com/gtm5445.html]
